#
# There is insufficient memory for the Java Runtime Environment to continue.
# Native memory allocation (malloc) failed to allocate 1243864 bytes. Error detail: Chunk::new
# Possible reasons:
#   The system is out of physical RAM or swap space
#   This process is running with CompressedOops enabled, and the Java Heap may be blocking the growth of the native heap
# Possible solutions:
#   Reduce memory load on the system
#   Increase physical memory or swap space
#   Check if swap backing store is full
#   Decrease Java heap size (-Xmx/-Xms)
#   Decrease number of Java threads
#   Decrease Java thread stack sizes (-Xss)
#   Set larger code cache with -XX:ReservedCodeCacheSize=
#   JVM is running with Zero Based Compressed Oops mode in which the Java heap is
#     placed in the first 32GB address space. The Java Heap base address is the
#     maximum limit for the native heap growth. Please use -XX:HeapBaseMinAddress
#     to set the Java Heap base and to place the Java Heap above 32GB virtual address.
# This output file may be truncated or incomplete.
#
#  Out of Memory Error (arena.cpp:186), pid=15464, tid=3884
#
# JRE version: OpenJDK Runtime Environment (25.0.2) (build 25.0.2+-15348964-b329.117)
# Java VM: OpenJDK 64-Bit Server VM (25.0.2+-15348964-b329.117, mixed mode, tiered, compressed oops, compressed class ptrs, g1 gc, windows-amd64)
# No core dump will be written. Minidumps are not enabled by default on client versions of Windows
#

---------------  S U M M A R Y ------------

Command Line: -XX:MaxMetaspaceSize=4G -XX:ReservedCodeCacheSize=512m -XX:+HeapDumpOnOutOfMemoryError --add-opens=java.base/java.util=ALL-UNNAMED --add-opens=java.base/java.lang=ALL-UNNAMED --add-opens=java.base/java.lang.invoke=ALL-UNNAMED --add-opens=java.prefs/java.util.prefs=ALL-UNNAMED --add-exports=jdk.compiler/com.sun.tools.javac.api=ALL-UNNAMED --add-exports=jdk.compiler/com.sun.tools.javac.util=ALL-UNNAMED --add-opens=java.base/java.nio.charset=ALL-UNNAMED --add-opens=java.base/java.net=ALL-UNNAMED --add-opens=java.base/java.util.concurrent.atomic=ALL-UNNAMED -Xmx8G -Dfile.encoding=utf8 -Duser.country=GB -Duser.language=en -Duser.variant -javaagent:D:\gradle-home\wrapper\dists\gradle-8.10.2-all\7iv73wktx1xtkvlq19urqw1wm\gradle-8.10.2\lib\agents\gradle-instrumentation-agent-8.10.2.jar org.gradle.launcher.daemon.bootstrap.GradleDaemon 8.10.2

Host: Intel(R) Core(TM) i7-7820HQ CPU @ 2.90GHz, 8 cores, 15G,  Windows 10 , 64 bit Build 19041 (10.0.19041.5915)
Time: Tue Sep 22 15:31:51 2026 SE Asia Standard Time elapsed time: 9.148843 seconds (0d 0h 0m 9s)

---------------  T H R E A D  ---------------

Current thread (0x000001c6827aa720):  JavaThread "C2 CompilerThread0" daemon [_thread_in_native, id=3884, stack(0x000000565f300000,0x000000565f400000) (1024K)]


Current CompileTask:
C2:9148 4959       4       java.util.HashMap::computeIfAbsent (330 bytes)

Stack: [0x000000565f300000,0x000000565f400000]
Native frames: (J=compiled Java code, j=interpreted, Vv=VM code, C=native code)
V  [jvm.dll+0x7bd439]  (no source info available)
V  [jvm.dll+0x78763d]  (no source info available)
V  [jvm.dll+0xa0c885]  (no source info available)
V  [jvm.dll+0xa0ef04]  (no source info available)
V  [jvm.dll+0xa0f603]  (no source info available)
V  [jvm.dll+0x309bf6]  (no source info available)
V  [jvm.dll+0x10ea69]  (no source info available)
V  [jvm.dll+0x10ed92]  (no source info available)
V  [jvm.dll+0x1a9837]  (no source info available)
V  [jvm.dll+0x3bec92]  (no source info available)
V  [jvm.dll+0x7c2cb7]  (no source info available)
V  [jvm.dll+0x2ce046]  (no source info available)
V  [jvm.dll+0x2cd221]  (no source info available)
V  [jvm.dll+0x242ffa]  (no source info available)
V  [jvm.dll+0x2dcc05]  (no source info available)
V  [jvm.dll+0x2dae06]  (no source info available)
V  [jvm.dll+0x49b59e]  (no source info available)
V  [jvm.dll+0x9ab9c8]  (no source info available)
V  [jvm.dll+0x7bb985]  (no source info available)
C  [ucrtbase.dll+0x21bb2]  (no source info available)
C  [KERNEL32.DLL+0x17374]  (no source info available)
C  [ntdll.dll+0x4cc91]  (no source info available)

Lock stack of current Java thread (top to bottom):


---------------  P R O C E S S  ---------------

Threads class SMR info:
_java_thread_list=0x000001c68977a9c0, length=38, elements={
0x000001c6cfdb6450, 0x000001c6ffeb6d90, 0x000001c6ffec1620, 0x000001c6ffede2b0,
0x000001c6ffed5800, 0x000001c6827a44a0, 0x000001c6827a5060, 0x000001c6827a5c20,
0x000001c6827aa720, 0x000001c6827b9b20, 0x000001c682b1e310, 0x000001c6887b8ba0,
0x000001c689192fe0, 0x000001c688b82af0, 0x000001c6883da6f0, 0x000001c6892f7a10,
0x000001c688716090, 0x000001c6887129e0, 0x000001c6887150f0, 0x000001c688716860,
0x000001c688b63d20, 0x000001c688b64cc0, 0x000001c688b66430, 0x000001c688b66c00,
0x000001c688b673d0, 0x000001c688b68370, 0x000001c688b69310, 0x000001c689fbb800,
0x000001c689fbdf10, 0x000001c689fbe6e0, 0x000001c689fbeeb0, 0x000001c68a744890,
0x000001c68a73f2a0, 0x000001c68a73fa70, 0x000001c68a745830, 0x000001c688589a50,
0x000001c68a7411e0, 0x000001c68a746000
}

Java Threads: ( => current thread )
  0x000001c6cfdb6450 JavaThread "main"                              [_thread_blocked, id=8372, stack(0x000000565e400000,0x000000565e500000) (1024K)]
  0x000001c6ffeb6d90 JavaThread "Common-Cleaner"             daemon [_thread_blocked, id=27032, stack(0x000000565ec00000,0x000000565ed00000) (1024K)]
  0x000001c6ffec1620 JavaThread "Reference Handler"          daemon [_thread_blocked, id=1228, stack(0x000000565ed00000,0x000000565ee00000) (1024K)]
  0x000001c6ffede2b0 JavaThread "Finalizer"                  daemon [_thread_blocked, id=18068, stack(0x000000565ee00000,0x000000565ef00000) (1024K)]
  0x000001c6ffed5800 JavaThread "Signal Dispatcher"          daemon [_thread_blocked, id=21748, stack(0x000000565ef00000,0x000000565f000000) (1024K)]
  0x000001c6827a44a0 JavaThread "Attach Listener"            daemon [_thread_blocked, id=28612, stack(0x000000565f000000,0x000000565f100000) (1024K)]
  0x000001c6827a5060 JavaThread "Service Thread"             daemon [_thread_blocked, id=27308, stack(0x000000565f100000,0x000000565f200000) (1024K)]
  0x000001c6827a5c20 JavaThread "Monitor Deflation Thread"   daemon [_thread_blocked, id=26324, stack(0x000000565f200000,0x000000565f300000) (1024K)]
=>0x000001c6827aa720 JavaThread "C2 CompilerThread0"         daemon [_thread_in_native, id=3884, stack(0x000000565f300000,0x000000565f400000) (1024K)]
  0x000001c6827b9b20 JavaThread "C1 CompilerThread0"         daemon [_thread_blocked, id=12116, stack(0x000000565f400000,0x000000565f500000) (1024K)]
  0x000001c682b1e310 JavaThread "Notification Thread"        daemon [_thread_blocked, id=25192, stack(0x000000565f500000,0x000000565f600000) (1024K)]
  0x000001c6887b8ba0 JavaThread "Daemon health stats"               [_thread_blocked, id=28284, stack(0x000000565fc00000,0x000000565fd00000) (1024K)]
  0x000001c689192fe0 JavaThread "Incoming local TCP Connector on port 54381"        [_thread_in_native, id=25624, stack(0x000000565fd00000,0x000000565fe00000) (1024K)]
  0x000001c688b82af0 JavaThread "Daemon periodic checks"            [_thread_blocked, id=16852, stack(0x000000565fe00000,0x000000565ff00000) (1024K)]
  0x000001c6883da6f0 JavaThread "Daemon"                            [_thread_blocked, id=17496, stack(0x0000005660000000,0x0000005660100000) (1024K)]
  0x000001c6892f7a10 JavaThread "Handler for socket connection from /127.0.0.1:54381 to /127.0.0.1:54382"        [_thread_in_native, id=10652, stack(0x0000005660100000,0x0000005660200000) (1024K)]
  0x000001c688716090 JavaThread "Cancel handler"                    [_thread_blocked, id=24140, stack(0x000000565ff00000,0x0000005660000000) (1024K)]
  0x000001c6887129e0 JavaThread "Daemon worker"                     [_thread_in_Java, id=25808, stack(0x0000005660500000,0x0000005660600000) (1024K)]
  0x000001c6887150f0 JavaThread "Asynchronous log dispatcher for DefaultDaemonConnection: socket connection from /127.0.0.1:54381 to /127.0.0.1:54382"        [_thread_blocked, id=10680, stack(0x0000005660600000,0x0000005660700000) (1024K)]
  0x000001c688716860 JavaThread "Stdin handler"                     [_thread_blocked, id=2140, stack(0x0000005660700000,0x0000005660800000) (1024K)]
  0x000001c688b63d20 JavaThread "Daemon client event forwarder"        [_thread_blocked, id=14784, stack(0x0000005660800000,0x0000005660900000) (1024K)]
  0x000001c688b64cc0 JavaThread "Cache worker for journal cache (D:\gradle-home\caches\journal-1)"        [_thread_blocked, id=12544, stack(0x0000005660900000,0x0000005660a00000) (1024K)]
  0x000001c688b66430 JavaThread "File lock request listener"        [_thread_in_native, id=7812, stack(0x0000005660a00000,0x0000005660b00000) (1024K)]
  0x000001c688b66c00 JavaThread "Cache worker for file hash cache (D:\gradle-home\caches\8.10.2\fileHashes)"        [_thread_blocked, id=17976, stack(0x0000005660b00000,0x0000005660c00000) (1024K)]
  0x000001c688b673d0 JavaThread "Cache worker for file hash cache (D:\system_kredit_pensiun\system_kredit_pensiun\mobile_flutter_simulasi_kb\android\.gradle\8.10.2\fileHashes)"        [_thread_blocked, id=25892, stack(0x0000005660d00000,0x0000005660e00000) (1024K)]
  0x000001c688b68370 JavaThread "Cache worker for Build Output Cleanup Cache (D:\system_kredit_pensiun\system_kredit_pensiun\mobile_flutter_simulasi_kb\android\.gradle\buildOutputCleanup)"        [_thread_blocked, id=26768, stack(0x0000005660e00000,0x0000005660f00000) (1024K)]
  0x000001c688b69310 JavaThread "File watcher server"        daemon [_thread_in_native, id=23516, stack(0x0000005660f00000,0x0000005661000000) (1024K)]
  0x000001c689fbb800 JavaThread "File watcher consumer"      daemon [_thread_blocked, id=23500, stack(0x0000005661000000,0x0000005661100000) (1024K)]
  0x000001c689fbdf10 JavaThread "jar transforms"                    [_thread_blocked, id=26572, stack(0x0000005661100000,0x0000005661200000) (1024K)]
  0x000001c689fbe6e0 JavaThread "jar transforms Thread 2"           [_thread_blocked, id=22712, stack(0x0000005661200000,0x0000005661300000) (1024K)]
  0x000001c689fbeeb0 JavaThread "jar transforms Thread 3"           [_thread_blocked, id=22224, stack(0x0000005661300000,0x0000005661400000) (1024K)]
  0x000001c68a744890 JavaThread "Cache worker for checksums cache (D:\system_kredit_pensiun\system_kredit_pensiun\mobile_flutter_simulasi_kb\android\.gradle\8.10.2\checksums)"        [_thread_blocked, id=9068, stack(0x000000565fb00000,0x000000565fc00000) (1024K)]
  0x000001c68a73f2a0 JavaThread "Cache worker for file content cache (D:\gradle-home\caches\8.10.2\fileContent)"        [_thread_blocked, id=2384, stack(0x0000005660c00000,0x0000005660d00000) (1024K)]
  0x000001c68a73fa70 JavaThread "Cache worker for cache directory md-rule (D:\gradle-home\caches\8.10.2\md-rule)"        [_thread_blocked, id=19548, stack(0x0000005661400000,0x0000005661500000) (1024K)]
  0x000001c68a745830 JavaThread "Cache worker for cache directory md-supplier (D:\gradle-home\caches\8.10.2\md-supplier)"        [_thread_blocked, id=14872, stack(0x0000005661500000,0x0000005661600000) (1024K)]
  0x000001c688589a50 JavaThread "C2 CompilerThread1"         daemon [_thread_in_native, id=7228, stack(0x0000005661600000,0x0000005661700000) (1024K)]
  0x000001c68a7411e0 JavaThread "jar transforms Thread 4"           [_thread_blocked, id=23108, stack(0x0000005661700000,0x0000005661800000) (1024K)]
  0x000001c68a746000 JavaThread "jar transforms Thread 5"           [_thread_blocked, id=27720, stack(0x0000005661800000,0x0000005661900000) (1024K)]
Total: 38

Other Threads:
  0x000001c6ffe94330 VMThread "VM Thread"                           [id=23680, stack(0x000000565eb00000,0x000000565ec00000) (1024K)]
  0x000001c6ffe429b0 WatcherThread "VM Periodic Task Thread"        [id=27452, stack(0x000000565ea00000,0x000000565eb00000) (1024K)]
  0x000001c6d2121360 WorkerThread "GC Thread#0"                     [id=24932, stack(0x000000565e500000,0x000000565e600000) (1024K)]
  0x000001c6878f42f0 WorkerThread "GC Thread#1"                     [id=8148, stack(0x000000565f600000,0x000000565f700000) (1024K)]
  0x000001c6878f24c0 WorkerThread "GC Thread#2"                     [id=28352, stack(0x000000565f700000,0x000000565f800000) (1024K)]
  0x000001c6878f2070 WorkerThread "GC Thread#3"                     [id=15148, stack(0x000000565f800000,0x000000565f900000) (1024K)]
  0x000001c6878f3a50 WorkerThread "GC Thread#4"                     [id=24824, stack(0x000000565f900000,0x000000565fa00000) (1024K)]
  0x000001c6878f3ea0 WorkerThread "GC Thread#5"                     [id=18592, stack(0x000000565fa00000,0x000000565fb00000) (1024K)]
  0x000001c6878f3600 WorkerThread "GC Thread#6"                     [id=19020, stack(0x0000005660200000,0x0000005660300000) (1024K)]
  0x000001c689324370 WorkerThread "GC Thread#7"                     [id=25788, stack(0x0000005660300000,0x0000005660400000) (1024K)]
  0x000001c6d213a430 ConcurrentGCThread "G1 Main Marker"            [id=20420, stack(0x000000565e600000,0x000000565e700000) (1024K)]
  0x000001c6d213afd0 WorkerThread "G1 Conc#0"                       [id=8504, stack(0x000000565e700000,0x000000565e800000) (1024K)]
  0x000001c6893247c0 WorkerThread "G1 Conc#1"                       [id=28316, stack(0x0000005660400000,0x0000005660500000) (1024K)]
  0x000001c6d213e400 ConcurrentGCThread "G1 Refine#0"               [id=25832, stack(0x000000565e800000,0x000000565e900000) (1024K)]
  0x000001c6ffd1cfc0 ConcurrentGCThread "G1 Service"                [id=6984, stack(0x000000565e900000,0x000000565ea00000) (1024K)]
Total: 15

Threads with active compile tasks:
C2 CompilerThread0  9271 4959       4       java.util.HashMap::computeIfAbsent (330 bytes)
C2 CompilerThread1  9271 4921       4       java.nio.file.Files::readAttributes (11 bytes)
Total: 2

VM state: not at safepoint (normal execution)

VM Mutex/Monitor currently owned by a thread: None

Heap address: 0x0000000600000000, size: 8192 MB, Compressed Oops mode: Zero based, Oop shift amount: 3

CDS archive(s) not mapped
Compressed class space mapped at: 0x0000000012000000-0x0000000052000000, reserved size: 1073741824
UseCompressedClassPointers 1, UseCompactObjectHeaders 0
Narrow klass pointer bits 32, Max shift 3
Narrow klass base: 0x0000000000000000, Narrow klass shift: 0
Encoding Range: [0x0000000000000000 - 0x0000000100000000), (4294967296 bytes)
Klass Range:    [0x0000000012000000 - 0x0000000052000000), (1073741824 bytes)
Klass ID Range:  [301989888 - 1375731705) (1073741817)
No protection zone.

GC Precious Log:
 CardTable entry size: 512
 Card Set container configuration: InlinePtr #cards 4 size 8 Array Of Cards #cards 32 size 80 Howl #buckets 8 coarsen threshold 7372 Howl Bitmap #cards 1024 size 144 coarsen threshold 921 Card regions per heap region 1 cards per card region 8192
 CPUs: 8 total, 8 available
 Memory: 16264M
 Large Page Support: Disabled
 NUMA Support: Disabled
 Compressed Oops: Enabled (Zero based)
 Heap Region Size: 4M
 Heap Min Capacity: 8M
 Heap Initial Capacity: 256M
 Heap Max Capacity: 8G
 Pre-touch: Disabled
 Parallel Workers: 8
 Concurrent Workers: 2
 Concurrent Refinement Workers: 8
 Periodic GC: Disabled

Heap:
 garbage-first heap   total reserved 8388608K, committed 94208K, used 69425K [0x0000000600000000, 0x0000000800000000)
  region size 4096K, 12 young (49152K), 2 survivors (8192K)

Heap Regions: E=young(eden), S=young(survivor), O=old, HS=humongous(starts), HC=humongous(continues), CS=collection set, F=free, TAMS=top-at-mark-start, PB=parsable bottom
|   0|0x0000000600000000, 0x0000000600400000, 0x0000000600400000|100%|HS|  |TAMS 0x0000000600000000| PB 0x0000000600000000| Complete |  0
|   1|0x0000000600400000, 0x0000000600800000, 0x0000000600800000|100%| O|  |TAMS 0x0000000600400000| PB 0x0000000600400000| Untracked |  0
|   2|0x0000000600800000, 0x0000000600800000, 0x0000000600c00000|  0%| F|  |TAMS 0x0000000600800000| PB 0x0000000600800000| Untracked |  0
|   3|0x0000000600c00000, 0x0000000601000000, 0x0000000601000000|100%| O|  |TAMS 0x0000000600c00000| PB 0x0000000600c00000| Untracked |  0
|   4|0x0000000601000000, 0x0000000601400000, 0x0000000601400000|100%| O|  |TAMS 0x0000000601000000| PB 0x0000000601000000| Untracked |  0
|   5|0x0000000601400000, 0x0000000601800000, 0x0000000601800000|100%| O|  |TAMS 0x0000000601400000| PB 0x0000000601400000| Untracked |  0
|   6|0x0000000601800000, 0x0000000601c00000, 0x0000000601c00000|100%| O|  |TAMS 0x0000000601800000| PB 0x0000000601800000| Untracked |  0
|   7|0x0000000601c00000, 0x0000000601c8fb00, 0x0000000602000000| 14%| O|  |TAMS 0x0000000601c00000| PB 0x0000000601c00000| Untracked |  0
|   8|0x0000000602000000, 0x000000060233c9c0, 0x0000000602400000| 80%| S|CS|TAMS 0x0000000602000000| PB 0x0000000602000000| Complete |  0
|   9|0x0000000602400000, 0x0000000602400000, 0x0000000602800000|  0%| F|  |TAMS 0x0000000602400000| PB 0x0000000602400000| Untracked |  0
|  10|0x0000000602800000, 0x0000000602800000, 0x0000000602c00000|  0%| F|  |TAMS 0x0000000602800000| PB 0x0000000602800000| Untracked |  0
|  11|0x0000000602c00000, 0x0000000603000000, 0x0000000603000000|100%| S|CS|TAMS 0x0000000602c00000| PB 0x0000000602c00000| Complete |  0
|  12|0x0000000603000000, 0x0000000603000000, 0x0000000603400000|  0%| F|  |TAMS 0x0000000603000000| PB 0x0000000603000000| Untracked |  0
|  13|0x0000000603400000, 0x00000006036ce5c8, 0x0000000603800000| 70%| E|  |TAMS 0x0000000603400000| PB 0x0000000603400000| Complete |  0
|  14|0x0000000603800000, 0x0000000603c00000, 0x0000000603c00000|100%| E|CS|TAMS 0x0000000603800000| PB 0x0000000603800000| Complete |  0
|  15|0x0000000603c00000, 0x0000000604000000, 0x0000000604000000|100%| E|CS|TAMS 0x0000000603c00000| PB 0x0000000603c00000| Complete |  0
|  16|0x0000000604000000, 0x0000000604400000, 0x0000000604400000|100%| E|CS|TAMS 0x0000000604000000| PB 0x0000000604000000| Complete |  0
|  17|0x0000000604400000, 0x0000000604800000, 0x0000000604800000|100%| E|CS|TAMS 0x0000000604400000| PB 0x0000000604400000| Complete |  0
|  18|0x0000000604800000, 0x0000000604c00000, 0x0000000604c00000|100%| E|CS|TAMS 0x0000000604800000| PB 0x0000000604800000| Complete |  0
|  54|0x000000060d800000, 0x000000060dc00000, 0x000000060dc00000|100%| E|CS|TAMS 0x000000060d800000| PB 0x000000060d800000| Complete |  0
|  55|0x000000060dc00000, 0x000000060e000000, 0x000000060e000000|100%| E|CS|TAMS 0x000000060dc00000| PB 0x000000060dc00000| Complete |  0
|  56|0x000000060e000000, 0x000000060e400000, 0x000000060e400000|100%| E|CS|TAMS 0x000000060e000000| PB 0x000000060e000000| Complete |  0
|  63|0x000000060fc00000, 0x0000000610000000, 0x0000000610000000|100%| E|CS|TAMS 0x000000060fc00000| PB 0x000000060fc00000| Complete |  0

Card table byte_map: [0x000001c6f6bd0000,0x000001c6f7bd0000] _byte_map_base: 0x000001c6f3bd0000

Marking Bits: (CMBitMap*) 0x000001c6d2121af0
 Bits: [0x000001c6f7bd0000, 0x000001c6ffbd0000)

Polling page: 0x000001c6cff10000

Metaspace:
Metaspace        used 50536K, committed 51712K, reserved 1114112K
 class space     used 7312K, committed 7872K, reserved 1048576K

Usage:
  Non-class:     42.21 MB used.
      Class:      7.14 MB used.
       Both:     49.35 MB used.

Virtual space:
  Non-class space:       64.00 MB reserved,      42.81 MB ( 67%) committed,  1 nodes.
      Class space:        1.00 GB reserved,       7.69 MB ( <1%) committed,  1 nodes.
             Both:        1.06 GB reserved,      50.50 MB (  5%) committed. 

Chunk freelists:
   Non-Class:  4.41 MB
       Class:  8.14 MB
        Both:  12.55 MB

MaxMetaspaceSize: 4.00 GB
CompressedClassSpaceSize: 1.00 GB
Initial GC threshold: 21.00 MB
Current GC threshold: 58.88 MB
CDS: off
 - commit_granule_bytes: 65536.
 - commit_granule_words: 8192.
 - virtual_space_node_default_size: 8388608.
 - enlarge_chunks_in_place: 1.
UseCompressedClassPointers 1, UseCompactObjectHeaders 0
Narrow klass pointer bits 32, Max shift 3
Narrow klass base: 0x0000000000000000, Narrow klass shift: 0
Encoding Range: [0x0000000000000000 - 0x0000000100000000), (4294967296 bytes)
Klass Range:    [0x0000000012000000 - 0x0000000052000000), (1073741824 bytes)
Klass ID Range:  [301989888 - 1375731705) (1073741817)
No protection zone.


Internal statistics:

num_allocs_failed_limit: 6.
num_arena_births: 2130.
num_arena_deaths: 0.
num_vsnodes_births: 2.
num_vsnodes_deaths: 0.
num_space_committed: 808.
num_space_uncommitted: 0.
num_chunks_returned_to_freelist: 6.
num_chunks_taken_from_freelist: 3855.
num_chunk_merges: 6.
num_chunk_splits: 2465.
num_chunks_enlarged: 1521.
num_inconsistent_stats: 0.

CodeHeap 'non-profiled nmethods': size=259328Kb used=2261Kb max_used=2261Kb free=257066Kb
 bounds [0x000001c6e5830000, 0x000001c6e5aa0000, 0x000001c6f5570000]
CodeHeap 'profiled nmethods': size=259264Kb used=7160Kb max_used=7160Kb free=252103Kb
 bounds [0x000001c6d5570000, 0x000001c6d5c70000, 0x000001c6e52a0000]
CodeHeap 'non-nmethods': size=5696Kb used=1871Kb max_used=1912Kb free=3824Kb
 bounds [0x000001c6e52a0000, 0x000001c6e5510000, 0x000001c6e5830000]
CodeCache: size=524288Kb, used=11292Kb, max_used=11333Kb, free=512993Kb
 total_blobs=5425, nmethods=4686, adapters=640, full_count=0
Compilation: enabled, stopped_count=0, restarted_count=0

Compilation events (20 events):
Event: 9.082 Thread 0x000001c6827aa720 nmethod 5026 0x000001c6e5a62688 code [0x000001c6e5a62780, 0x000001c6e5a62b48]
Event: 9.082 Thread 0x000001c6827aa720 5029       4       jdk.internal.jimage.ImageStringsReader::stringFromByteBuffer (73 bytes)
Event: 9.101 Thread 0x000001c6827b9b20 5095       3       java.util.stream.Collectors$$Lambda/0x00000000121e6aa8::accept (14 bytes)
Event: 9.102 Thread 0x000001c6827b9b20 nmethod 5095 0x000001c6d5c45808 code [0x000001c6d5c45900, 0x000001c6d5c45e28]
Event: 9.107 Thread 0x000001c6827aa720 nmethod 5029 0x000001c6e5a62b88 code [0x000001c6e5a62c80, 0x000001c6e5a633f8]
Event: 9.107 Thread 0x000001c6827aa720 5094       4       java.util.regex.Matcher::search (154 bytes)
Event: 9.112 Thread 0x000001c6827b9b20 5099       3       java.util.ArrayDeque::dec (13 bytes)
Event: 9.112 Thread 0x000001c6827b9b20 nmethod 5099 0x000001c6d5c45e88 code [0x000001c6d5c45f80, 0x000001c6d5c460a0]
Event: 9.114 Thread 0x000001c6827aa720 nmethod 5094 0x000001c6e5a63408 code [0x000001c6e5a63500, 0x000001c6e5a63840]
Event: 9.114 Thread 0x000001c6827aa720 5092       4       jdk.internal.jimage.ImageLocation::readValue (61 bytes)
Event: 9.120 Thread 0x000001c6827aa720 nmethod 5092 0x000001c6e5a63888 code [0x000001c6e5a63980, 0x000001c6e5a63b68]
Event: 9.120 Thread 0x000001c6827aa720 5098       4       jdk.internal.jrtfs.JrtPath::normalize (97 bytes)
Event: 9.123 Thread 0x000001c6827aa720 nmethod 5098 0x000001c6e5a63b88 code [0x000001c6e5a63c80, 0x000001c6e5a63ee8]
Event: 9.124 Thread 0x000001c6827aa720 4990       4       java.util.stream.ReferencePipeline::forEachWithCancel (23 bytes)
Event: 9.125 Thread 0x000001c6827b9b20 5100       3       java.util.LinkedHashMap::afterNodeAccess (266 bytes)
Event: 9.126 Thread 0x000001c6827b9b20 nmethod 5100 0x000001c6d5c46188 code [0x000001c6d5c46280, 0x000001c6d5c46e28]
Event: 9.127 Thread 0x000001c6827aa720 nmethod 4990 0x000001c6e5a63f08 code [0x000001c6e5a64000, 0x000001c6e5a641a0]
Event: 9.127 Thread 0x000001c6827aa720 4974       4       java.util.ArrayList::indexOfRange (71 bytes)
Event: 9.130 Thread 0x000001c6827aa720 nmethod 4974 0x000001c6e5a64208 code [0x000001c6e5a64300, 0x000001c6e5a64458]
Event: 9.130 Thread 0x000001c6827aa720 4959       4       java.util.HashMap::computeIfAbsent (330 bytes)

GC Heap Usage History (16 events):
Event: 1.931 {heap Before GC invocations=0 (full 0):
 garbage-first heap   total reserved 8388608K, committed 262144K, used 53248K [0x0000000600000000, 0x0000000800000000)
  region size 4096K, 12 young (49152K), 0 survivors (0K)
}
Event: 1.947 {heap After GC invocations=1 (full 0):
 garbage-first heap   total reserved 8388608K, committed 262144K, used 11163K [0x0000000600000000, 0x0000000800000000)
  region size 4096K, 2 young (8192K), 2 survivors (8192K)
}
Event: 2.868 {heap Before GC invocations=1 (full 0):
 garbage-first heap   total reserved 8388608K, committed 262144K, used 117659K [0x0000000600000000, 0x0000000800000000)
  region size 4096K, 29 young (118784K), 2 survivors (8192K)
}
Event: 2.876 {heap After GC invocations=2 (full 0):
 garbage-first heap   total reserved 8388608K, committed 262144K, used 17616K [0x0000000600000000, 0x0000000800000000)
  region size 4096K, 4 young (16384K), 4 survivors (16384K)
}
Event: 3.578 {heap Before GC invocations=2 (full 0):
 garbage-first heap   total reserved 8388608K, committed 262144K, used 42192K [0x0000000600000000, 0x0000000800000000)
  region size 4096K, 11 young (45056K), 4 survivors (16384K)
}
Event: 3.585 {heap After GC invocations=3 (full 0):
 garbage-first heap   total reserved 8388608K, committed 262144K, used 20193K [0x0000000600000000, 0x0000000800000000)
  region size 4096K, 3 young (12288K), 3 survivors (12288K)
}
Event: 4.798 {heap Before GC invocations=4 (full 0):
 garbage-first heap   total reserved 8388608K, committed 81920K, used 77537K [0x0000000600000000, 0x0000000800000000)
  region size 4096K, 17 young (69632K), 3 survivors (12288K)
}
Event: 4.807 {heap After GC invocations=5 (full 0):
 garbage-first heap   total reserved 8388608K, committed 94208K, used 22978K [0x0000000600000000, 0x0000000800000000)
  region size 4096K, 3 young (12288K), 3 survivors (12288K)
}
Event: 5.761 {heap Before GC invocations=5 (full 0):
 garbage-first heap   total reserved 8388608K, committed 94208K, used 63938K [0x0000000600000000, 0x0000000800000000)
  region size 4096K, 13 young (53248K), 3 survivors (12288K)
}
Event: 5.769 {heap After GC invocations=6 (full 0):
 garbage-first heap   total reserved 8388608K, committed 94208K, used 25498K [0x0000000600000000, 0x0000000800000000)
  region size 4096K, 2 young (8192K), 2 survivors (8192K)
}
Event: 6.075 {heap Before GC invocations=6 (full 0):
 garbage-first heap   total reserved 8388608K, committed 94208K, used 33690K [0x0000000600000000, 0x0000000800000000)
  region size 4096K, 5 young (20480K), 2 survivors (8192K)
}
Event: 6.080 {heap After GC invocations=7 (full 0):
 garbage-first heap   total reserved 8388608K, committed 94208K, used 26039K [0x0000000600000000, 0x0000000800000000)
  region size 4096K, 1 young (4096K), 1 survivors (4096K)
}
Event: 7.519 {heap Before GC invocations=8 (full 0):
 garbage-first heap   total reserved 8388608K, committed 94208K, used 71095K [0x0000000600000000, 0x0000000800000000)
  region size 4096K, 12 young (49152K), 1 survivors (4096K)
}
Event: 7.524 {heap After GC invocations=9 (full 0):
 garbage-first heap   total reserved 8388608K, committed 94208K, used 29431K [0x0000000600000000, 0x0000000800000000)
  region size 4096K, 2 young (8192K), 2 survivors (8192K)
}
Event: 8.446 {heap Before GC invocations=9 (full 0):
 garbage-first heap   total reserved 8388608K, committed 94208K, used 74487K [0x0000000600000000, 0x0000000800000000)
  region size 4096K, 13 young (53248K), 2 survivors (8192K)
}
Event: 8.453 {heap After GC invocations=10 (full 0):
 garbage-first heap   total reserved 8388608K, committed 94208K, used 32561K [0x0000000600000000, 0x0000000800000000)
  region size 4096K, 2 young (8192K), 2 survivors (8192K)
}

Metaspace Usage History (16 events):
Event: 1.931 {metaspace Before GC invocations=0 (full 0):
 Metaspace       used 11954K, committed 12160K, reserved 1114112K
  class space    used 1332K, committed 1408K, reserved 1048576K
}
Event: 1.947 {metaspace After GC invocations=1 (full 0):
 Metaspace       used 11954K, committed 12160K, reserved 1114112K
  class space    used 1332K, committed 1408K, reserved 1048576K
}
Event: 2.868 {metaspace Before GC invocations=1 (full 0):
 Metaspace       used 13829K, committed 13952K, reserved 1114112K
  class space    used 1611K, committed 1664K, reserved 1048576K
}
Event: 2.876 {metaspace After GC invocations=2 (full 0):
 Metaspace       used 13829K, committed 13952K, reserved 1114112K
  class space    used 1611K, committed 1664K, reserved 1048576K
}
Event: 3.578 {metaspace Before GC invocations=2 (full 0):
 Metaspace       used 21176K, committed 21504K, reserved 1114112K
  class space    used 2553K, committed 2752K, reserved 1048576K
}
Event: 3.585 {metaspace After GC invocations=3 (full 0):
 Metaspace       used 21176K, committed 21504K, reserved 1114112K
  class space    used 2553K, committed 2752K, reserved 1048576K
}
Event: 4.798 {metaspace Before GC invocations=4 (full 0):
 Metaspace       used 29214K, committed 29696K, reserved 1114112K
  class space    used 3911K, committed 4160K, reserved 1048576K
}
Event: 4.807 {metaspace After GC invocations=5 (full 0):
 Metaspace       used 29214K, committed 29696K, reserved 1114112K
  class space    used 3911K, committed 4160K, reserved 1048576K
}
Event: 5.761 {metaspace Before GC invocations=5 (full 0):
 Metaspace       used 33884K, committed 34496K, reserved 1114112K
  class space    used 4767K, committed 5056K, reserved 1048576K
}
Event: 5.769 {metaspace After GC invocations=6 (full 0):
 Metaspace       used 33884K, committed 34496K, reserved 1114112K
  class space    used 4767K, committed 5056K, reserved 1048576K
}
Event: 6.075 {metaspace Before GC invocations=6 (full 0):
 Metaspace       used 35230K, committed 35968K, reserved 1114112K
  class space    used 5030K, committed 5376K, reserved 1048576K
}
Event: 6.080 {metaspace After GC invocations=7 (full 0):
 Metaspace       used 35230K, committed 35968K, reserved 1114112K
  class space    used 5030K, committed 5376K, reserved 1048576K
}
Event: 7.519 {metaspace Before GC invocations=8 (full 0):
 Metaspace       used 40499K, committed 41408K, reserved 1114112K
  class space    used 5888K, committed 6336K, reserved 1048576K
}
Event: 7.524 {metaspace After GC invocations=9 (full 0):
 Metaspace       used 40499K, committed 41408K, reserved 1114112K
  class space    used 5888K, committed 6336K, reserved 1048576K
}
Event: 8.446 {metaspace Before GC invocations=9 (full 0):
 Metaspace       used 45886K, committed 47040K, reserved 1114112K
  class space    used 6830K, committed 7360K, reserved 1048576K
}
Event: 8.453 {metaspace After GC invocations=10 (full 0):
 Metaspace       used 45886K, committed 47040K, reserved 1114112K
  class space    used 6830K, committed 7360K, reserved 1048576K
}

Dll operation events (3 events):
Event: 0.013 Loaded shared library D:\android_studio\jbr\bin\java.dll
Event: 0.046 Loaded shared library D:\android_studio\jbr\bin\zip.dll
Event: 1.255 Loaded shared library D:\android_studio\jbr\bin\verify.dll

Deoptimization events (20 events):
Event: 9.124 Thread 0x000001c6887129e0 DEOPT PACKING pc=0x000001c6d564a698 sp=0x00000056605f6f40
Event: 9.124 Thread 0x000001c6887129e0 DEOPT UNPACKING pc=0x000001c6e52f1702 sp=0x00000056605f6360 mode 0
Event: 9.126 Thread 0x000001c6887129e0 DEOPT PACKING pc=0x000001c6d564a698 sp=0x00000056605f6e80
Event: 9.126 Thread 0x000001c6887129e0 DEOPT UNPACKING pc=0x000001c6e52f1702 sp=0x00000056605f62a0 mode 0
Event: 9.127 Thread 0x000001c6887129e0 DEOPT PACKING pc=0x000001c6d564a698 sp=0x00000056605f6f40
Event: 9.127 Thread 0x000001c6887129e0 DEOPT UNPACKING pc=0x000001c6e52f1702 sp=0x00000056605f6360 mode 0
Event: 9.127 Thread 0x000001c6887129e0 DEOPT PACKING pc=0x000001c6d564a698 sp=0x00000056605f6f40
Event: 9.127 Thread 0x000001c6887129e0 DEOPT UNPACKING pc=0x000001c6e52f1702 sp=0x00000056605f6360 mode 0
Event: 9.128 Thread 0x000001c6887129e0 DEOPT PACKING pc=0x000001c6d564a698 sp=0x00000056605f6f40
Event: 9.128 Thread 0x000001c6887129e0 DEOPT UNPACKING pc=0x000001c6e52f1702 sp=0x00000056605f6360 mode 0
Event: 9.129 Thread 0x000001c6887129e0 DEOPT PACKING pc=0x000001c6d564a698 sp=0x00000056605f6f40
Event: 9.129 Thread 0x000001c6887129e0 DEOPT UNPACKING pc=0x000001c6e52f1702 sp=0x00000056605f6360 mode 0
Event: 9.129 Thread 0x000001c6887129e0 DEOPT PACKING pc=0x000001c6d564a698 sp=0x00000056605f6f40
Event: 9.129 Thread 0x000001c6887129e0 DEOPT UNPACKING pc=0x000001c6e52f1702 sp=0x00000056605f6360 mode 0
Event: 9.130 Thread 0x000001c6887129e0 DEOPT PACKING pc=0x000001c6d564a698 sp=0x00000056605f6f40
Event: 9.130 Thread 0x000001c6887129e0 DEOPT UNPACKING pc=0x000001c6e52f1702 sp=0x00000056605f6360 mode 0
Event: 9.130 Thread 0x000001c6887129e0 DEOPT PACKING pc=0x000001c6d564a698 sp=0x00000056605f6f40
Event: 9.130 Thread 0x000001c6887129e0 DEOPT UNPACKING pc=0x000001c6e52f1702 sp=0x00000056605f6360 mode 0
Event: 9.130 Thread 0x000001c6887129e0 DEOPT PACKING pc=0x000001c6d564a698 sp=0x00000056605f6f40
Event: 9.130 Thread 0x000001c6887129e0 DEOPT UNPACKING pc=0x000001c6e52f1702 sp=0x00000056605f6360 mode 0

Classes loaded (20 events):
Event: 8.993 Loading class jdk/internal/jimage/ImageReader$Directory
Event: 8.993 Loading class jdk/internal/jimage/ImageReader$Node
Event: 8.994 Loading class jdk/internal/jimage/ImageReader$Node done
Event: 8.994 Loading class jdk/internal/jimage/ImageReader$Directory done
Event: 8.994 Loading class jdk/internal/jrtfs/SystemImage$1
Event: 8.994 Loading class jdk/internal/jrtfs/SystemImage$1 done
Event: 8.994 Loading class jdk/internal/jimage/ImageReader$SharedImageReader$LocationVisitor
Event: 8.994 Loading class jdk/internal/jimage/ImageReader$SharedImageReader$LocationVisitor done
Event: 8.995 Loading class java/nio/ByteBufferAsIntBufferL
Event: 8.995 Loading class java/nio/ByteBufferAsIntBufferL done
Event: 8.996 Loading class jdk/internal/jrtfs/JrtFileAttributes
Event: 8.996 Loading class jdk/internal/jrtfs/JrtFileAttributes done
Event: 8.996 Loading class jdk/internal/jrtfs/JrtDirectoryStream
Event: 8.996 Loading class jdk/internal/jrtfs/JrtDirectoryStream done
Event: 8.997 Loading class jdk/internal/jrtfs/JrtDirectoryStream$1
Event: 8.997 Loading class jdk/internal/jrtfs/JrtDirectoryStream$1 done
Event: 8.997 Loading class java/util/function/BooleanSupplier
Event: 8.998 Loading class java/util/function/BooleanSupplier done
Event: 8.998 Loading class jdk/internal/jimage/ImageReader$Resource
Event: 8.998 Loading class jdk/internal/jimage/ImageReader$Resource done

Classes unloaded (0 events):
No events

Classes redefined (0 events):
No events

Internal exceptions (20 events):
Event: 7.972 Thread 0x000001c6887129e0 Exception <a 'java/lang/NoSuchMethodError'{0x00000006045b7b88}: 'java.lang.Object java.lang.invoke.DirectMethodHandle$Holder.invokeStatic(java.lang.Object, java.lang.Object, java.lang.Object, java.lang.Object, java.lang.Object, java.lang.Object, java.lang.Object, java.lang.Object, java.lang.Object, java.lang.Object, java.lang.Object, java.lang.Object, java.lang.Object, java.lang.Object, java.lang.Object, java.lang.Object, java.lang.Object, java.lang.Object, java.lang.Object, java.lang.Object, java.lang.Obj
Event: 7.982 Thread 0x000001c6887129e0 Exception <a 'java/lang/NoSuchMethodError'{0x000000060464ed60}: 'java.lang.Object java.lang.invoke.DirectMethodHandle$Holder.newInvokeSpecial(java.lang.Object, java.lang.Object, java.lang.Object, java.lang.Object, java.lang.Object, java.lang.Object, java.lang.Object, java.lang.Object, java.lang.Object, java.lang.Object, java.lang.Object, java.lang.Object, java.lang.Object, java.lang.Object, java.lang.Object, java.lang.Object, java.lang.Object, java.lang.Object)'> (0x000000060464ed60) 
thrown [s\src\hotspot
Event: 7.983 Thread 0x000001c6887129e0 Exception <a 'java/lang/NoSuchMethodError'{0x0000000604659ca8}: 'java.lang.Object java.lang.invoke.DirectMethodHandle$Holder.invokeSpecial(java.lang.Object, java.lang.Object, java.lang.Object, java.lang.Object, java.lang.Object, java.lang.Object, java.lang.Object, java.lang.Object, java.lang.Object, java.lang.Object, java.lang.Object, java.lang.Object, java.lang.Object, java.lang.Object, java.lang.Object, java.lang.Object, java.lang.Object, java.lang.Object, java.lang.Object)'> (0x0000000604659ca8) 
thrown
Event: 7.983 Thread 0x000001c6887129e0 Exception <a 'java/lang/NoSuchMethodError'{0x0000000604663fe8}: 'java.lang.Object java.lang.invoke.DelegatingMethodHandle$Holder.reinvoke_L(java.lang.Object, java.lang.Object, java.lang.Object, java.lang.Object, java.lang.Object, java.lang.Object, java.lang.Object, java.lang.Object, java.lang.Object, java.lang.Object, java.lang.Object, java.lang.Object, java.lang.Object, java.lang.Object, java.lang.Object, java.lang.Object, java.lang.Object, java.lang.Object)'> (0x0000000604663fe8) 
thrown [s\src\hotspot\s
Event: 8.008 Thread 0x000001c6887129e0 Exception <a 'java/lang/NoSuchMethodError'{0x00000006047f4780}: 'java.lang.Object java.lang.invoke.DirectMethodHandle$Holder.newInvokeSpecial(java.lang.Object, java.lang.Object, java.lang.Object, java.lang.Object, java.lang.Object, java.lang.Object, java.lang.Object, java.lang.Object, java.lang.Object, java.lang.Object, java.lang.Object, java.lang.Object)'> (0x00000006047f4780) 
thrown [s\src\hotspot\share\interpreter\linkResolver.cpp, line 815]
Event: 8.039 Thread 0x000001c6887129e0 Exception <a 'java/lang/NoSuchMethodError'{0x0000000604260478}: 'java.lang.Object java.lang.invoke.DirectMethodHandle$Holder.newInvokeSpecial(java.lang.Object, java.lang.Object, java.lang.Object, java.lang.Object, java.lang.Object, java.lang.Object, java.lang.Object, java.lang.Object, java.lang.Object)'> (0x0000000604260478) 
thrown [s\src\hotspot\share\interpreter\linkResolver.cpp, line 815]
Event: 8.102 Thread 0x000001c6887129e0 Exception <a 'java/lang/IncompatibleClassChangeError'{0x0000000603d19db0}: Found class java.lang.Object, but interface was expected> (0x0000000603d19db0) 
thrown [s\src\hotspot\share\interpreter\linkResolver.cpp, line 882]
Event: 8.149 Thread 0x000001c6887129e0 Exception <a 'java/lang/NoSuchMethodError'{0x0000000603ef0d58}: 'java.lang.Object java.lang.invoke.DirectMethodHandle$Holder.invokeVirtual(java.lang.Object, java.lang.Object, int)'> (0x0000000603ef0d58) 
thrown [s\src\hotspot\share\interpreter\linkResolver.cpp, line 815]
Event: 8.157 Thread 0x000001c6887129e0 Exception <a 'java/lang/NoSuchMethodError'{0x0000000603f50480}: 'void java.lang.invoke.DirectMethodHandle$Holder.invokeStatic(java.lang.Object, java.lang.Object, java.lang.Object, int)'> (0x0000000603f50480) 
thrown [s\src\hotspot\share\interpreter\linkResolver.cpp, line 815]
Event: 8.215 Thread 0x000001c6887129e0 Exception <a 'java/lang/NoSuchMethodError'{0x00000006039e4e60}: 'void java.lang.invoke.DirectMethodHandle$Holder.invokeInterface(java.lang.Object, java.lang.Object, java.lang.Object, java.lang.Object, java.lang.Object, java.lang.Object, java.lang.Object)'> (0x00000006039e4e60) 
thrown [s\src\hotspot\share\interpreter\linkResolver.cpp, line 815]
Event: 8.215 Thread 0x000001c6887129e0 Exception <a 'java/lang/NoSuchMethodError'{0x0000000603a8ed20}: 'void java.lang.invoke.DelegatingMethodHandle$Holder.reinvoke_L(java.lang.Object, java.lang.Object, java.lang.Object, java.lang.Object, java.lang.Object, java.lang.Object, java.lang.Object)'> (0x0000000603a8ed20) 
thrown [s\src\hotspot\share\interpreter\linkResolver.cpp, line 815]
Event: 8.258 Thread 0x000001c6887129e0 Exception <a 'java/lang/NoSuchMethodError'{0x00000006034625f8}: 'java.lang.Object java.lang.invoke.DirectMethodHandle$Holder.invokeSpecial(java.lang.Object, java.lang.Object, java.lang.Object, int, java.lang.Object, java.lang.Object)'> (0x00000006034625f8) 
thrown [s\src\hotspot\share\interpreter\linkResolver.cpp, line 815]
Event: 8.417 Thread 0x000001c6887129e0 Exception <a 'java/lang/NoSuchMethodError'{0x00000006032b4db8}: 'void java.lang.invoke.DirectMethodHandle$Holder.invokeStaticInit(java.lang.Object, java.lang.Object, java.lang.Object, java.lang.Object, java.lang.Object)'> (0x00000006032b4db8) 
thrown [s\src\hotspot\share\interpreter\linkResolver.cpp, line 815]
Event: 8.765 Thread 0x000001c6887129e0 Exception <a 'java/lang/ClassNotFoundException'{0x000000060dd39158}: groovy/lang/ExpandoMetaClassBeanInfo> (0x000000060dd39158) 
thrown [s\src\hotspot\share\classfile\systemDictionary.cpp, line 327]
Event: 8.765 Thread 0x000001c6887129e0 Exception <a 'java/lang/ClassNotFoundException'{0x000000060dd41d60}: groovy/lang/MetaClassImplBeanInfo> (0x000000060dd41d60) 
thrown [s\src\hotspot\share\classfile\systemDictionary.cpp, line 327]
Event: 8.766 Thread 0x000001c6887129e0 Exception <a 'java/lang/ClassNotFoundException'{0x000000060dd46d38}: java/lang/ObjectBeanInfo> (0x000000060dd46d38) 
thrown [s\src\hotspot\share\classfile\systemDictionary.cpp, line 327]
Event: 8.766 Thread 0x000001c6887129e0 Exception <a 'java/lang/ClassNotFoundException'{0x000000060dd4cd30}: java/lang/ObjectCustomizer> (0x000000060dd4cd30) 
thrown [s\src\hotspot\share\classfile\systemDictionary.cpp, line 327]
Event: 8.770 Thread 0x000001c6887129e0 Exception <a 'java/lang/IncompatibleClassChangeError'{0x000000060dd62af0}: Found class java.lang.Object, but interface was expected> (0x000000060dd62af0) 
thrown [s\src\hotspot\share\interpreter\linkResolver.cpp, line 882]
Event: 8.778 Thread 0x000001c6887129e0 Exception <a 'java/lang/ClassNotFoundException'{0x000000060dd8c450}: groovy/lang/MetaClassImplCustomizer> (0x000000060dd8c450) 
thrown [s\src\hotspot\share\classfile\systemDictionary.cpp, line 327]
Event: 8.782 Thread 0x000001c6887129e0 Exception <a 'java/lang/ClassNotFoundException'{0x000000060ddb5eb0}: groovy/lang/ExpandoMetaClassCustomizer> (0x000000060ddb5eb0) 
thrown [s\src\hotspot\share\classfile\systemDictionary.cpp, line 327]

VM Operations (20 events):
Event: 8.446 Executing safepoint VM operation: G1CollectForAllocation (G1 Evacuation Pause)
Event: 8.453 Executing safepoint VM operation: G1CollectForAllocation (G1 Evacuation Pause) done
Event: 8.596 Executing non-safepoint VM operation: HandshakeAllThreads (Deoptimize)
Event: 8.596 Executing non-safepoint VM operation: HandshakeAllThreads (Deoptimize) done
Event: 8.715 Executing non-safepoint VM operation: HandshakeAllThreads (Deoptimize)
Event: 8.715 Executing non-safepoint VM operation: HandshakeAllThreads (Deoptimize) done
Event: 8.867 Executing non-safepoint VM operation: HandshakeAllThreads (Deoptimize)
Event: 8.867 Executing non-safepoint VM operation: HandshakeAllThreads (Deoptimize) done
Event: 8.874 Executing non-safepoint VM operation: HandshakeAllThreads (Deoptimize)
Event: 8.874 Executing non-safepoint VM operation: HandshakeAllThreads (Deoptimize) done
Event: 8.876 Executing non-safepoint VM operation: HandshakeAllThreads (Deoptimize)
Event: 8.876 Executing non-safepoint VM operation: HandshakeAllThreads (Deoptimize) done
Event: 8.882 Executing non-safepoint VM operation: HandshakeAllThreads (Deoptimize)
Event: 8.882 Executing non-safepoint VM operation: HandshakeAllThreads (Deoptimize) done
Event: 8.919 Executing non-safepoint VM operation: HandshakeAllThreads (Deoptimize)
Event: 8.919 Executing non-safepoint VM operation: HandshakeAllThreads (Deoptimize) done
Event: 8.921 Executing non-safepoint VM operation: HandshakeAllThreads (Deoptimize)
Event: 8.921 Executing non-safepoint VM operation: HandshakeAllThreads (Deoptimize) done
Event: 8.995 Executing non-safepoint VM operation: HandshakeAllThreads (Deoptimize)
Event: 8.996 Executing non-safepoint VM operation: HandshakeAllThreads (Deoptimize) done

Memory protections (0 events):
No events

Nmethod flushes (20 events):
Event: 6.105 Thread 0x000001c6ffe94330 flushing  nmethod 0x000001c6d55c4e08
Event: 6.105 Thread 0x000001c6ffe94330 flushing  nmethod 0x000001c6d55c5608
Event: 6.105 Thread 0x000001c6ffe94330 flushing  nmethod 0x000001c6d5621608
Event: 6.105 Thread 0x000001c6ffe94330 flushing  nmethod 0x000001c6d5624608
Event: 6.105 Thread 0x000001c6ffe94330 flushing  nmethod 0x000001c6d5654f88
Event: 6.105 Thread 0x000001c6ffe94330 flushing  nmethod 0x000001c6d5656388
Event: 6.105 Thread 0x000001c6ffe94330 flushing  nmethod 0x000001c6d5658108
Event: 6.105 Thread 0x000001c6ffe94330 flushing  nmethod 0x000001c6d565a608
Event: 6.105 Thread 0x000001c6ffe94330 flushing  nmethod 0x000001c6d567c708
Event: 6.105 Thread 0x000001c6ffe94330 flushing  nmethod 0x000001c6d567ca88
Event: 6.105 Thread 0x000001c6ffe94330 flushing  nmethod 0x000001c6d5680c08
Event: 6.105 Thread 0x000001c6ffe94330 flushing  nmethod 0x000001c6d56ea488
Event: 6.105 Thread 0x000001c6ffe94330 flushing  nmethod 0x000001c6d5710708
Event: 6.105 Thread 0x000001c6ffe94330 flushing  nmethod 0x000001c6d5711608
Event: 6.105 Thread 0x000001c6ffe94330 flushing  nmethod 0x000001c6d5716c08
Event: 6.105 Thread 0x000001c6ffe94330 flushing  nmethod 0x000001c6d576dc88
Event: 6.105 Thread 0x000001c6ffe94330 flushing  nmethod 0x000001c6d5770888
Event: 6.105 Thread 0x000001c6ffe94330 flushing  nmethod 0x000001c6d57abb88
Event: 6.105 Thread 0x000001c6ffe94330 flushing  nmethod 0x000001c6d57b1d08
Event: 6.105 Thread 0x000001c6ffe94330 flushing  nmethod 0x000001c6d57b2288

Events (20 events):
Event: 4.152 Thread 0x000001c6887129e0 Thread added: 0x000001c688b64cc0
Event: 4.171 Thread 0x000001c6887129e0 Thread added: 0x000001c688b66430
Event: 4.217 Thread 0x000001c6887129e0 Thread added: 0x000001c688b66c00
Event: 4.258 Thread 0x000001c6827b9b20 Thread added: 0x000001c688582970
Event: 5.648 Thread 0x000001c6887129e0 Thread added: 0x000001c688b673d0
Event: 5.671 Thread 0x000001c6887129e0 Thread added: 0x000001c688b68370
Event: 6.060 Thread 0x000001c6887129e0 Thread added: 0x000001c688b69310
Event: 6.068 Thread 0x000001c6887129e0 Thread added: 0x000001c689fbb800
Event: 6.195 Thread 0x000001c6887129e0 Thread added: 0x000001c689fbdf10
Event: 6.195 Thread 0x000001c6887129e0 Thread added: 0x000001c689fbe6e0
Event: 6.195 Thread 0x000001c6887129e0 Thread added: 0x000001c689fbeeb0
Event: 6.948 Thread 0x000001c688582970 Thread exited: 0x000001c688582970
Event: 7.332 Thread 0x000001c6879919b0 Thread exited: 0x000001c6879919b0
Event: 7.433 Thread 0x000001c6887129e0 Thread added: 0x000001c68a744890
Event: 7.494 Thread 0x000001c6887129e0 Thread added: 0x000001c68a73f2a0
Event: 7.764 Thread 0x000001c6887129e0 Thread added: 0x000001c68a73fa70
Event: 7.931 Thread 0x000001c6887129e0 Thread added: 0x000001c68a745830
Event: 7.963 Thread 0x000001c6827b9b20 Thread added: 0x000001c688589a50
Event: 8.167 Thread 0x000001c6887129e0 Thread added: 0x000001c68a7411e0
Event: 8.202 Thread 0x000001c6887129e0 Thread added: 0x000001c68a746000


Dynamic libraries:
0x00007ff76ec10000 - 0x00007ff76ec1a000 	D:\android_studio\jbr\bin\java.exe
0x00007ff934cf0000 - 0x00007ff934ee8000 	C:\Windows\SYSTEM32\ntdll.dll
0x00007ff9348e0000 - 0x00007ff9349a2000 	C:\Windows\System32\KERNEL32.DLL
0x00007ff932800000 - 0x00007ff932af6000 	C:\Windows\System32\KERNELBASE.dll
0x00007ff9325b0000 - 0x00007ff9326b0000 	C:\Windows\System32\ucrtbase.dll
0x00007ff908610000 - 0x00007ff908626000 	D:\android_studio\jbr\bin\jli.dll
0x00007ff933b80000 - 0x00007ff933d21000 	C:\Windows\System32\USER32.dll
0x00007ff932730000 - 0x00007ff932752000 	C:\Windows\System32\win32u.dll
0x00007ff902d30000 - 0x00007ff902d4b000 	D:\android_studio\jbr\bin\VCRUNTIME140.dll
0x00007ff933760000 - 0x00007ff93378b000 	C:\Windows\System32\GDI32.dll
0x00007ff932440000 - 0x00007ff932559000 	C:\Windows\System32\gdi32full.dll
0x00007ff91e210000 - 0x00007ff91e4ab000 	C:\Windows\WinSxS\amd64_microsoft.windows.common-controls_6595b64144ccf1df_6.0.19041.6456_none_60b8a6cb71f64256\COMCTL32.dll
0x00007ff932760000 - 0x00007ff9327fd000 	C:\Windows\System32\msvcp_win.dll
0x00007ff9349b0000 - 0x00007ff934a4e000 	C:\Windows\System32\msvcrt.dll
0x00007ff932d10000 - 0x00007ff932d3f000 	C:\Windows\System32\IMM32.DLL
0x00007ff90ff80000 - 0x00007ff90ff8c000 	D:\android_studio\jbr\bin\vcruntime140_1.dll
0x00007ff8deeb0000 - 0x00007ff8def3d000 	D:\android_studio\jbr\bin\msvcp140.dll
0x00007ff898f60000 - 0x00007ff899e3a000 	D:\android_studio\jbr\bin\server\jvm.dll
0x00007ff9331b0000 - 0x00007ff933261000 	C:\Windows\System32\ADVAPI32.dll
0x00007ff933810000 - 0x00007ff9338af000 	C:\Windows\System32\sechost.dll
0x00007ff9338b0000 - 0x00007ff9339d0000 	C:\Windows\System32\RPCRT4.dll
0x00007ff932410000 - 0x00007ff932437000 	C:\Windows\System32\bcrypt.dll
0x00007ff933a30000 - 0x00007ff933a9b000 	C:\Windows\System32\WS2_32.dll
0x00007ff9321e0000 - 0x00007ff93222b000 	C:\Windows\SYSTEM32\POWRPROF.dll
0x00007ff91b240000 - 0x00007ff91b267000 	C:\Windows\SYSTEM32\WINMM.dll
0x00007ff927d70000 - 0x00007ff927d7a000 	C:\Windows\SYSTEM32\VERSION.dll
0x00007ff9321c0000 - 0x00007ff9321d2000 	C:\Windows\SYSTEM32\UMPDC.dll
0x00007ff930b50000 - 0x00007ff930b62000 	C:\Windows\SYSTEM32\kernel.appcore.dll
0x00007ff90f380000 - 0x00007ff90f38a000 	D:\android_studio\jbr\bin\jimage.dll
0x00007ff92f860000 - 0x00007ff92fa61000 	C:\Windows\SYSTEM32\DBGHELP.DLL
0x00007ff907dd0000 - 0x00007ff907e04000 	C:\Windows\SYSTEM32\dbgcore.DLL
0x00007ff932380000 - 0x00007ff932402000 	C:\Windows\System32\bcryptPrimitives.dll
0x00007ff90a1e0000 - 0x00007ff90a1ee000 	D:\android_studio\jbr\bin\instrument.dll
0x00007ff902cf0000 - 0x00007ff902d0f000 	D:\android_studio\jbr\bin\java.dll
0x00007ff934660000 - 0x00007ff93478b000 	C:\Windows\System32\ole32.dll
0x00007ff933330000 - 0x00007ff933684000 	C:\Windows\System32\combase.dll
0x00007ff933d40000 - 0x00007ff9344b0000 	C:\Windows\System32\SHELL32.dll
0x00007ff902030000 - 0x00007ff902047000 	D:\android_studio\jbr\bin\zip.dll
0x00007ff930390000 - 0x00007ff930b35000 	C:\Windows\SYSTEM32\windows.storage.dll
0x00007ff931bf0000 - 0x00007ff931c1b000 	C:\Windows\SYSTEM32\Wldp.dll
0x00007ff933690000 - 0x00007ff93375d000 	C:\Windows\System32\OLEAUT32.dll
0x00007ff934c00000 - 0x00007ff934cad000 	C:\Windows\System32\SHCORE.dll
0x00007ff934ab0000 - 0x00007ff934b0b000 	C:\Windows\System32\shlwapi.dll
0x00007ff9322b0000 - 0x00007ff9322d4000 	C:\Windows\SYSTEM32\profapi.dll
0x00007ff909c30000 - 0x00007ff909c40000 	D:\android_studio\jbr\bin\net.dll
0x00007ff9319d0000 - 0x00007ff931a3a000 	C:\Windows\system32\mswsock.dll
0x00007ff8fc670000 - 0x00007ff8fc686000 	D:\android_studio\jbr\bin\nio.dll
0x00007ff908fa0000 - 0x00007ff908fb0000 	D:\android_studio\jbr\bin\verify.dll
0x00007ff902d50000 - 0x00007ff902d77000 	D:\gradle-home\native\c067742578af261105cb4f569cf0c3c89f3d7b1fecec35dd04571415982c5e48\windows-amd64\native-platform.dll
0x00007ff8dc650000 - 0x00007ff8dc794000 	D:\gradle-home\native\100fb08df4bc3b14c8652ba06237920a3bd2aa13389f12d3474272988ae205f9\windows-amd64\native-platform-file-events.dll
0x00007ff906060000 - 0x00007ff906069000 	D:\android_studio\jbr\bin\management.dll
0x00007ff902cc0000 - 0x00007ff902ccb000 	D:\android_studio\jbr\bin\management_ext.dll
0x00007ff9348d0000 - 0x00007ff9348d8000 	C:\Windows\System32\PSAPI.DLL
0x00007ff931c30000 - 0x00007ff931c48000 	C:\Windows\SYSTEM32\CRYPTSP.dll
0x00007ff931310000 - 0x00007ff931348000 	C:\Windows\system32\rsaenh.dll
0x00007ff932270000 - 0x00007ff93229e000 	C:\Windows\SYSTEM32\USERENV.dll
0x00007ff931b60000 - 0x00007ff931b6c000 	C:\Windows\SYSTEM32\CRYPTBASE.dll
0x00007ff9316d0000 - 0x00007ff93170b000 	C:\Windows\SYSTEM32\IPHLPAPI.DLL
0x00007ff933320000 - 0x00007ff933328000 	C:\Windows\System32\NSI.dll
0x00007ff8ff690000 - 0x00007ff8ff699000 	D:\android_studio\jbr\bin\extnet.dll
0x00007ff8b3170000 - 0x00007ff8b3177000 	C:\Windows\system32\wshunix.dll

JVMTI agents:
D:\gradle-home\wrapper\dists\gradle-8.10.2-all\7iv73wktx1xtkvlq19urqw1wm\gradle-8.10.2\lib\agents\gradle-instrumentation-agent-8.10.2.jar path:D:\android_studio\jbr\bin\instrument.dll, loaded, initialized, instrumentlib options:none

dbghelp: loaded successfully - version: 4.0.5 - missing functions: none
symbol engine: initialized successfully - sym options: 0x614 - pdb path: .;D:\android_studio\jbr\bin;C:\Windows\SYSTEM32;C:\Windows\WinSxS\amd64_microsoft.windows.common-controls_6595b64144ccf1df_6.0.19041.6456_none_60b8a6cb71f64256;D:\android_studio\jbr\bin\server;D:\gradle-home\native\c067742578af261105cb4f569cf0c3c89f3d7b1fecec35dd04571415982c5e48\windows-amd64;D:\gradle-home\native\100fb08df4bc3b14c8652ba06237920a3bd2aa13389f12d3474272988ae205f9\windows-amd64

VM Arguments:
jvm_args: -XX:MaxMetaspaceSize=4G -XX:ReservedCodeCacheSize=512m -XX:+HeapDumpOnOutOfMemoryError --add-opens=java.base/java.util=ALL-UNNAMED --add-opens=java.base/java.lang=ALL-UNNAMED --add-opens=java.base/java.lang.invoke=ALL-UNNAMED --add-opens=java.prefs/java.util.prefs=ALL-UNNAMED --add-exports=jdk.compiler/com.sun.tools.javac.api=ALL-UNNAMED --add-exports=jdk.compiler/com.sun.tools.javac.util=ALL-UNNAMED --add-opens=java.base/java.nio.charset=ALL-UNNAMED --add-opens=java.base/java.net=ALL-UNNAMED --add-opens=java.base/java.util.concurrent.atomic=ALL-UNNAMED -Xmx8G -Dfile.encoding=utf8 -Duser.country=GB -Duser.language=en -Duser.variant -javaagent:D:\gradle-home\wrapper\dists\gradle-8.10.2-all\7iv73wktx1xtkvlq19urqw1wm\gradle-8.10.2\lib\agents\gradle-instrumentation-agent-8.10.2.jar 
java_command: org.gradle.launcher.daemon.bootstrap.GradleDaemon 8.10.2
java_class_path (initial): D:\gradle-home\wrapper\dists\gradle-8.10.2-all\7iv73wktx1xtkvlq19urqw1wm\gradle-8.10.2\lib\gradle-daemon-main-8.10.2.jar
Launcher Type: SUN_STANDARD

[Global flags]
     intx CICompilerCount                          = 4                                         {product} {ergonomic}
     uint ConcGCThreads                            = 2                                         {product} {ergonomic}
     uint G1ConcRefinementThreads                  = 8                                         {product} {ergonomic}
   size_t G1HeapRegionSize                         = 4194304                                   {product} {ergonomic}
     bool HeapDumpOnOutOfMemoryError               = true                                   {manageable} {command line}
   size_t InitialHeapSize                          = 268435456                                 {product} {ergonomic}
   size_t MarkStackSize                            = 4194304                                   {product} {ergonomic}
   size_t MarkStackSizeMax                         = 536870912                                 {product} {ergonomic}
   size_t MaxHeapSize                              = 8589934592                                {product} {command line}
   size_t MaxMetaspaceSize                         = 4294967296                                {product} {command line}
   size_t MaxNewSize                               = 5150605312                                {product} {ergonomic}
   size_t MinHeapDeltaBytes                        = 4194304                                   {product} {ergonomic}
   size_t MinHeapSize                              = 8388608                                   {product} {ergonomic}
    uintx NonNMethodCodeHeapSize                   = 5832704                                {pd product} {ergonomic}
    uintx NonProfiledCodeHeapSize                  = 265551872                              {pd product} {ergonomic}
    uintx ProfiledCodeHeapSize                     = 265486336                              {pd product} {ergonomic}
    uintx ReservedCodeCacheSize                    = 536870912                              {pd product} {command line, ergonomic}
     bool SegmentedCodeCache                       = true                                      {product} {ergonomic}
   size_t SoftMaxHeapSize                          = 8589934592                             {manageable} {ergonomic}
     bool UseCompressedOops                        = true                           {product lp64_product} {ergonomic}
     bool UseG1GC                                  = true                                      {product} {ergonomic}
     bool UseLargePagesIndividualAllocation        = false                                  {pd product} {ergonomic}

Logging:
Log output configuration:
 #0: stdout all=warning uptime,level,tags foldmultilines=false
 #1: stderr all=off uptime,level,tags foldmultilines=false

Release file:
JAVA_VERSION="25.0.2" 
MODULES="java.base java.compiler java.datatransfer java.xml java.prefs java.desktop java.instrument java.logging java.management java.security.sasl java.naming java.rmi java.management.rmi java.net.http java.scripting java.security.jgss java.transaction.xa java.sql java.sql.rowset java.xml.crypto java.se java.smartcardio jdk.accessibility jdk.internal.jvmstat jdk.attach jdk.charsets jdk.internal.opt jdk.zipfs jdk.compiler jdk.crypto.cryptoki jdk.crypto.ec jdk.dynalink jdk.hotspot.agent jdk.httpserver jdk.internal.ed jdk.internal.le jdk.internal.md jdk.internal.vm.ci jdk.jartool jdk.javadoc jdk.jcmd jdk.jdeps jdk.jdwp.agent jdk.jdi jdk.jfr jdk.jlink jdk.localedata jdk.management jdk.management.agent jdk.management.jfr jdk.naming.dns jdk.naming.rmi jdk.net jdk.sctp jdk.security.auth jdk.security.jgss jdk.unsupported jdk.unsupported.desktop jdk.xml.dom" 
IMPLEMENTOR="JetBrains s.r.o." 
JAVA_RUNTIME_VERSION="25.0.2+-15348964-b329.117" 
LIBC="default" 
OS_ARCH="x86_64" 
OS_NAME="Windows" 
SOURCE=".:git:3cf398e84a39" 

Environment Variables:
JAVA_HOME=D:\java\jdk-17
PATH=D:\android_studio\jbr\bin;C:\Windows\System32\OpenSSH;C:\Program Files\Git\bin;C:\Program Files\Git\cmd;C:\Windows\System32;C:\Windows\System32\WindowsPowerShell\v1.0;C:\Program Files\nodejs;C:\Program Files\WireGuard\;D:\java\jdk-17\bin;D:\java\jdk-17\bin;D:\java\jdk-17\bin;C:\Users\DELL\AppData\Local\Programs\Python\Python314\Scripts\;C:\Users\DELL\AppData\Local\Programs\Python\Python314\;C:\Users\DELL\AppData\Local\Programs\Python\Launcher\;C:\Users\DELL\AppData\Local\Microsoft\WindowsApps;C:\Users\DELL\AppData\Local\Microsoft\WinGet\Packages\PHP.PHP.8.4_Microsoft.Winget.Source_8wekyb3d8bbwe;C:\Users\DELL\AppData\Local\Microsoft\WinGet\Packages\PHP.PHP.8.2_Microsoft.Winget.Source_8wekyb3d8bbwe;C:\Users\DELL\AppData\Roaming\Composer\vendor\bin;C:\Users\DELL\AppData\Local\Programs\Microsoft VS Code\bin;D:\flutter_source\flutter\bin;C:\Users\DELL\AppData\Roaming\npm;C:\Users\DELL\AppData\Local\Python\bin;C:\Users\DELL\AppData\Local\Microsoft\WinGet\Packages\PHP.PHP.8.2_Microsoft.Winget.Source_8wekyb3d8bbwe;C:\Program Files\Git\bin;
USERNAME=DELL
OS=Windows_NT
PROCESSOR_IDENTIFIER=Intel64 Family 6 Model 158 Stepping 9, GenuineIntel
TMP=C:\Users\DELL\AppData\Local\Temp
TEMP=C:\Users\DELL\AppData\Local\Temp




Compilation memory statistics disabled.

Periodic native trim disabled

JNI global refs:
JNI global refs: 25, weak refs: 0

JNI global refs memory usage: 835, weak refs: 833

Process memory usage:
Resident Set Size: 258388K (1% of 16655320K total physical memory with 734536K free physical memory)

OOME stack traces (most recent first):
Classloader memory used:
Loader bootstrap                                                                       : 23497 K
Loader org.gradle.internal.classloader.VisitableURLClassLoader                         : 21710 K
Loader org.gradle.initialization.MixInLegacyTypesClassLoader                           : 4413 K
Loader jdk.internal.loader.ClassLoaders$PlatformClassLoader                            : 493 K
Loader jdk.internal.loader.ClassLoaders$AppClassLoader                                 : 228 K
Loader org.gradle.internal.classloader.VisitableURLClassLoader                         : 215 K
Loader org.gradle.groovy.scripts.internal.DefaultScriptCompilationHandler$ScriptClassLoader: 5864 B

Classes loaded by more than one classloader:
Class org.gradle.api.GradleException                                                  : loaded 3 times (x 84B)
Class org.gradle.api.Action                                                           : loaded 3 times (x 72B)
Class org.gradle.api.internal.classpath.ManifestUtil                                  : loaded 2 times (x 73B)
Class org.gradle.internal.operations.MultipleBuildOperationFailures                   : loaded 2 times (x 97B)
Class org.gradle.internal.classloader.DefaultClassLoaderFactory                       : loaded 2 times (x 84B)
Class org.gradle.internal.classloader.ClassLoaderVisitor                              : loaded 2 times (x 78B)
Class org.gradle.api.internal.classpath.EffectiveClassPath                            : loaded 2 times (x 92B)
Class org.gradle.api.internal.DefaultClassPathProvider                                : loaded 2 times (x 78B)
Class [Lorg.gradle.api.internal.ClassPathProvider;                                    : loaded 2 times (x 71B)
Class org.gradle.api.internal.ClassPathProvider                                       : loaded 2 times (x 72B)
Class org.gradle.internal.service.UnknownServiceException                             : loaded 2 times (x 85B)
Class org.gradle.internal.classpath.TransformedClassPath                              : loaded 2 times (x 98B)
Class org.gradle.internal.classloader.InstrumentingClassLoader                        : loaded 2 times (x 72B)
Class org.gradle.internal.service.ServiceLocator                                      : loaded 2 times (x 72B)
Class org.gradle.internal.InternalTransformer                                         : loaded 2 times (x 72B)
Class org.gradle.internal.time.DefaultTimer                                           : loaded 2 times (x 82B)
Class org.gradle.internal.classloader.ClasspathUtil$1                                 : loaded 2 times (x 78B)
Class org.gradle.api.internal.classpath.DefaultModuleRegistry$DefaultModule           : loaded 2 times (x 88B)
Class org.gradle.internal.time.DefaultCountdownTimer                                  : loaded 2 times (x 90B)
Class org.gradle.api.internal.classpath.Module                                        : loaded 2 times (x 72B)
Class org.gradle.api.internal.classpath.UnknownModuleException                        : loaded 2 times (x 84B)
Class org.gradle.api.internal.DefaultClassPathRegistry                                : loaded 2 times (x 78B)
Class org.gradle.internal.classloader.ClassLoaderHierarchy                            : loaded 2 times (x 72B)
Class org.gradle.internal.classpath.DefaultClassPath$ImmutableUniqueList              : loaded 2 times (x 201B)
Class org.gradle.internal.classpath.ClassPath                                         : loaded 2 times (x 72B)
Class org.gradle.api.UncheckedIOException                                             : loaded 2 times (x 84B)
Class org.gradle.internal.installation.GradleInstallation$1                           : loaded 2 times (x 77B)
Class org.gradle.api.internal.classpath.ModuleRegistry                                : loaded 2 times (x 72B)
Class org.gradle.api.internal.classpath.DefaultModuleRegistry                         : loaded 2 times (x 88B)
Class org.gradle.internal.time.MonotonicClock                                         : loaded 2 times (x 79B)
Class org.gradle.internal.service.ServiceLookupException                              : loaded 2 times (x 84B)
Class org.gradle.internal.classloader.ClassLoaderFactory                              : loaded 2 times (x 72B)
Class org.gradle.internal.service.CachingServiceLocator                               : loaded 2 times (x 84B)
Class org.gradle.internal.time.TimeSource                                             : loaded 2 times (x 72B)
Class org.gradle.internal.exceptions.ResolutionProvider                               : loaded 2 times (x 72B)
Class org.gradle.internal.classloader.ClasspathUtil                                   : loaded 2 times (x 73B)
Class org.gradle.internal.time.TimeSource$1                                           : loaded 2 times (x 79B)
Class org.gradle.api.specs.Spec                                                       : loaded 2 times (x 72B)
Class org.gradle.internal.time.Clock                                                  : loaded 2 times (x 72B)
Class org.gradle.internal.classloader.VisitableURLClassLoader$InstrumentingVisitableURLClassLoader: loaded 2 times (x 124B)
Class org.gradle.internal.classloader.VisitableURLClassLoader$Spec                    : loaded 2 times (x 76B)
Class org.gradle.internal.classpath.DefaultClassPath                                  : loaded 2 times (x 92B)
Class org.gradle.internal.classloader.ClassLoaderSpec                                 : loaded 2 times (x 73B)
Class org.gradle.internal.classloader.VisitableURLClassLoader                         : loaded 2 times (x 118B)
Class org.gradle.api.internal.ClassPathRegistry                                       : loaded 2 times (x 72B)
Class org.gradle.internal.Cast                                                        : loaded 2 times (x 73B)
Class org.gradle.internal.classpath.DefaultClassPath$ImmutableUniqueList$Builder      : loaded 2 times (x 77B)
Class org.gradle.internal.classloader.FilteringClassLoader                            : loaded 2 times (x 106B)
Class org.gradle.internal.exceptions.NonGradleCauseExceptionsHolder                   : loaded 2 times (x 72B)
Class org.gradle.internal.IoActions                                                   : loaded 2 times (x 73B)
Class org.gradle.internal.classloader.SystemClassLoaderSpec                           : loaded 2 times (x 73B)
Class org.gradle.internal.exceptions.MultiCauseException                              : loaded 2 times (x 72B)
Class org.gradle.internal.time.CountdownTimer                                         : loaded 2 times (x 72B)
Class org.gradle.tooling.model.ProjectModel                                           : loaded 2 times (x 72B)
Class org.gradle.internal.exceptions.DefaultMultiCauseException                       : loaded 2 times (x 97B)
Class org.gradle.internal.time.Time                                                   : loaded 2 times (x 73B)
Class org.gradle.api.internal.classpath.GlobalCacheRootsProvider                      : loaded 2 times (x 72B)
Class org.gradle.internal.time.Timer                                                  : loaded 2 times (x 72B)
Class org.gradle.internal.installation.CurrentGradleInstallationLocator               : loaded 2 times (x 73B)
Class org.gradle.internal.service.DefaultServiceLocator                               : loaded 2 times (x 85B)
Class org.gradle.util.GradleVersion                                                   : loaded 2 times (x 85B)
Class org.gradle.internal.installation.CurrentGradleInstallation                      : loaded 2 times (x 75B)
Class org.gradle.util.internal.GUtil                                                  : loaded 2 times (x 73B)
Class org.gradle.internal.installation.GradleInstallation                             : loaded 2 times (x 77B)

---------------  S Y S T E M  ---------------

OS:
 Windows 10 , 64 bit Build 19041 (10.0.19041.5915)
OS uptime: 1 days 2:53 hours
Hyper-V role detected

CPU: total 8 (initial active 8) (4 cores per cpu, 2 threads per core) family 6 model 158 stepping 9 microcode 0xf6, cx8, cmov, fxsr, ht, mmx, 3dnowpref, sse, sse2, sse3, ssse3, sse4.1, sse4.2, popcnt, lzcnt, tsc, tscinvbit, avx, avx2, aes, erms, clmul, bmi1, bmi2, rtm, adx, fma, vzeroupper, clflush, clflushopt, hv, rdtscp, f16c
Processor Information for the first 8 processors :
  Max Mhz: 2901, Current Mhz: 2901, Mhz Limit: 2901

Memory: 4k page, system-wide physical 16264M (847M free)
TotalPageFile size 31449M (AvailPageFile size 463M)
current process WorkingSet (physical memory assigned to process): 252M, peak: 253M
current process commit charge ("private bytes"): 288M, peak: 395M

vm_info: OpenJDK 64-Bit Server VM (25.0.2+-15348964-b329.117) for windows-amd64 JRE (25.0.2+-15348964-b329.117), built on 2026-05-05T18:25:19Z with MS VC++ 16.10 / 16.11 (VS2019)

END.
